2026-08-04T07:44:06.945Z nano-banana: gen image nano-banana → public/model-arena/shibuya-crossing-image/nano-banana.png … FAIL — failed: The service is temporarily unavailable. Please try again later.
2026-08-04T07:44:06.946Z seedance-2-0: ibuya-crossing/seedance-2-0.mp4 … FAIL — failed: The request failed because the output video may be related to copyright restrictions. Request id: 02178582928024600000000000000000000ffffc0a869f327f42b
2026-08-04T07:44:06.946Z seedance-2-0-fast: -crossing/seedance-2-0-fast.mp4 … FAIL — failed: The request failed because the output video may be related to copyright restrictions. Request id: 02178582926715100000000000000000000ffffc0a8b3741fede8
2026-08-04T08:05:47.951Z nano-banana: gen image nano-banana → public/model-compare/movie-scene-image/nano-banana.png … FAIL — failed: The service is temporarily unavailable. Please try again later.
2026-08-04T08:06:13.133Z seedance-2-0-mini: are/dance/seedance-2-0-mini.mp4 … FAIL — failed: The request failed because the output audio may be related to copyright restrictions. Request id: 02178583047838700000000000000000000ffffc0a87e3266dc76
2026-08-04T08:06:13.194Z nano-banana: gen image nano-banana → public/model-compare/short-form-image/nano-banana.png … FAIL — failed: The service is temporarily unavailable. Please try again later.
2026-08-04T08:06:13.195Z nano-banana-pro: gen image nano-banana-pro → public/model-compare/short-form-image/nano-banana-pro.png … FAIL — failed: The service is temporarily unavailable. Please try again later.
2026-08-04T08:08:16.957Z nano-banana: gen image nano-banana → public/model-compare/commercial-ad-image/nano-banana.png … FAIL — failed: The service is temporarily unavailable. Please try again later.
2026-08-04T09:12:00.000Z nano-banana: gen image nano-banana → public/model-compare/shibuya-crossing-image/nano-banana.png … FAIL — failed: The service is temporarily unavailable. Please try again later. (retry, key confirmed valid — nano-banana-pro succeeded same run)
2026-08-04T09:13:30.000Z nano-banana: gen image nano-banana → public/model-compare/short-form-image/nano-banana.png … FAIL — failed: The service is temporarily unavailable. Please try again later. (retry)
2026-08-04T09:15:00.000Z nano-banana: gen image nano-banana → public/model-compare/movie-scene-image/nano-banana.png … FAIL — failed: The service is temporarily unavailable. Please try again later. (retry)
2026-08-04T09:16:30.000Z nano-banana: gen image nano-banana → public/model-compare/commercial-ad-image/nano-banana.png … FAIL — failed: The service is temporarily unavailable. Please try again later. (retry)
2026-08-04T09:18:00.000Z nano-banana: gen image nano-banana → public/model-compare/shibuya-crossing-image/nano-banana.png … FAIL — failed: The service is temporarily unavailable. Please try again later. (retry #2 after 90s cooldown — nano-banana model appears to be down at gateway level, not a quota issue)
2026-08-04T09:25:00.000Z seedance-2-0-mini: gen video seedance-2-0-mini → public/model-compare/dance/seedance-2-0-mini.mp4 … FAIL — process killed before completion (background timeout, no result/no file written); retry of prior copyright/content-filter rejection not conclusively repeated, not pursued further per instructions
2026-08-04T17:20:46.613Z kling-o3-pro: gen video kling-o3-pro → public/model-compare/hand-craft/kling-o3-pro.mp4 … FAIL — create 402: {"error":{"message":"Insufficient credits"}}
2026-08-04T17:20:46.615Z kling-v3-pro: gen video kling-v3-pro → public/model-compare/hand-craft/kling-v3-pro.mp4 … FAIL — create 402: {"error":{"message":"Insufficient credits"}}
2026-08-04T17:25:07.583Z kling-o3-pro: gen video kling-o3-pro → public/model-compare/liquid-pour/kling-o3-pro.mp4 … FAIL — create 402: {"error":{"message":"Insufficient credits"}}
2026-08-04T17:25:07.584Z kling-v3-pro: gen video kling-v3-pro → public/model-compare/liquid-pour/kling-v3-pro.mp4 … FAIL — create 402: {"error":{"message":"Insufficient credits"}}
2026-08-04T17:37:59.438Z kling-o3-pro: gen video kling-o3-pro → public/model-compare/packshot/kling-o3-pro.mp4 … FAIL — create 402: {"error":{"message":"Insufficient credits"}}
2026-08-04T17:37:59.439Z kling-v3-pro: gen video kling-v3-pro → public/model-compare/packshot/kling-v3-pro.mp4 … FAIL — create 402: {"error":{"message":"Insufficient credits"}}
2026-08-04T17:37:59.439Z nano-banana-2: gen image nano-banana-2 → public/model-compare/packshot-image/nano-banana-2.png … FAIL — create 402: {"error":{"message":"Insufficient credits"}}
2026-08-04T17:37:59.439Z nano-banana-pro: gen image nano-banana-pro → public/model-compare/packshot-image/nano-banana-pro.png … FAIL — create 402: {"error":{"message":"Insufficient credits"}}
2026-08-04T17:40:23.552Z kling-o3-pro: gen video kling-o3-pro → public/model-compare/full-body-garment/kling-o3-pro.mp4 … FAIL — create 402: {"error":{"message":"Insufficient credits"}}
2026-08-04T17:40:23.553Z kling-v3-pro: gen video kling-v3-pro → public/model-compare/full-body-garment/kling-v3-pro.mp4 … FAIL — create 402: {"error":{"message":"Insufficient credits"}}
2026-08-04T17:45:49.713Z kling-o3-pro: gen video kling-o3-pro → public/model-compare/animal-motion/kling-o3-pro.mp4 … FAIL — create 402: {"error":{"message":"Insufficient credits"}}
2026-08-04T17:45:49.714Z kling-v3-pro: gen video kling-v3-pro → public/model-compare/animal-motion/kling-v3-pro.mp4 … FAIL — create 402: {"error":{"message":"Insufficient credits"}}
2026-08-04T17:49:40.686Z kling-o3-pro: gen video kling-o3-pro → public/model-compare/crossing-crowd/kling-o3-pro.mp4 … FAIL — create 402: {"error":{"message":"Insufficient credits"}}
2026-08-04T17:49:40.687Z kling-v3-pro: gen video kling-v3-pro → public/model-compare/crossing-crowd/kling-v3-pro.mp4 … FAIL — create 402: {"error":{"message":"Insufficient credits"}}
