2026-08-04T08:58:00.216Z chef-plating-dessert (seedance-2-0): sktop/ATP - SEO/portal-fe/public/model-gallery/chef-plating-dessert.mp4 … FAIL — failed: The request failed because the output audio may be related to copyright restrictions. Request id: 02178583328667800000000000000000000ffffc0a8b4e91041d3
2026-08-04T13:14:13.571Z sport-basketball-dunk-rim (kling-o3-pro): gen video kling-o3-pro → /Users/hung/Desktop/ATP - SEO/portal-fe/public/model-gallery/sport-basketball-dunk-rim.mp4 … FAIL — create 422: {"error":{"message":"Invalid input.aspect_ratio: expected one of 16:9, 9:16, 1:1; received \"4:3\"."}}
2026-08-04T13:14:13.571Z sport-swim-dive-entry (kling-o3-pro): gen video kling-o3-pro → /Users/hung/Desktop/ATP - SEO/portal-fe/public/model-gallery/sport-swim-dive-entry.mp4 … FAIL — create 422: {"error":{"message":"Invalid input.aspect_ratio: expected one of 16:9, 9:16, 1:1; received \"4:3\"."}}
2026-08-04T13:14:13.571Z city-ny-fire-escape-steam (kling-o3-pro): gen video kling-o3-pro → /Users/hung/Desktop/ATP - SEO/portal-fe/public/model-gallery/city-ny-fire-escape-steam.mp4 … FAIL — create 422: {"error":{"message":"Invalid input.aspect_ratio: expected one of 16:9, 9:16, 1:1; received \"4:3\"."}}
2026-08-04T13:14:13.571Z city-tokyo-volcano-rooftops (kling-o3-pro): gen video kling-o3-pro → /Users/hung/Desktop/ATP - SEO/portal-fe/public/model-gallery/city-tokyo-volcano-rooftops.mp4 … FAIL — create 402: {"error":{"message":"Insufficient credits"}}
2026-08-04T13:14:13.571Z city-hk-harbour-ferry-night (kling-v3-pro): gen video kling-v3-pro → /Users/hung/Desktop/ATP - SEO/portal-fe/public/model-gallery/city-hk-harbour-ferry-night.mp4 … FAIL — create 402: {"error":{"message":"Insufficient credits"}}
2026-08-04T13:14:41.645Z sport-swim-dive-entry (kling-o3-pro): gen video kling-o3-pro → /Users/hung/Desktop/ATP - SEO/portal-fe/public/model-gallery/sport-swim-dive-entry.mp4 … FAIL — create 402: {"error":{"message":"insufficient_quota","type":"insufficient_quota"}}
2026-08-04T13:33:20.799Z airport-jetbridge (kling-o3-pro): gen video kling-o3-pro → /Users/hung/Desktop/ATP - SEO/portal-fe/public/model-gallery/airport-jetbridge.mp4 … FAIL — create 402: {"error":{"message":"Insufficient credits"}}
2026-08-04T13:33:20.800Z harbor-dock-worker (kling-o3-pro): gen video kling-o3-pro → /Users/hung/Desktop/ATP - SEO/portal-fe/public/model-gallery/harbor-dock-worker.mp4 … FAIL — create 402: {"error":{"message":"Insufficient credits"}}
2026-08-04T13:33:20.800Z biz-product-spin-video (kling-o3-pro): gen video kling-o3-pro → /Users/hung/Desktop/ATP - SEO/portal-fe/public/model-gallery/biz-product-spin-video.mp4 … FAIL — create 402: {"error":{"message":"Insufficient credits"}}
2026-08-04T13:33:20.800Z biz-shelf-pan-video (kling-v3-pro): gen video kling-v3-pro → /Users/hung/Desktop/ATP - SEO/portal-fe/public/model-gallery/biz-shelf-pan-video.mp4 … FAIL — create 402: {"error":{"message":"Insufficient credits"}}
2026-08-04T13:33:20.800Z biz-conference-keynote-video (kling-o3-pro): gen video kling-o3-pro → /Users/hung/Desktop/ATP - SEO/portal-fe/public/model-gallery/biz-conference-keynote-video.mp4 … FAIL — create 402: {"error":{"message":"Insufficient credits"}}
2026-08-04T13:33:20.800Z biz-testimonial-interview-video (kling-v3-pro): gen video kling-v3-pro → /Users/hung/Desktop/ATP - SEO/portal-fe/public/model-gallery/biz-testimonial-interview-video.mp4 … FAIL — create 402: {"error":{"message":"Insufficient credits"}}
2026-08-04T13:45:26.203Z airport-jetbridge (kling-o3-pro): gen video kling-o3-pro → /Users/hung/Desktop/ATP - SEO/portal-fe/public/model-gallery/airport-jetbridge.mp4 … FAIL — create 402: {"error":{"message":"Insufficient credits"}}
2026-08-04T13:45:26.205Z harbor-dock-worker (kling-o3-pro): gen video kling-o3-pro → /Users/hung/Desktop/ATP - SEO/portal-fe/public/model-gallery/harbor-dock-worker.mp4 … FAIL — create 402: {"error":{"message":"Insufficient credits"}}
2026-08-04T13:45:26.205Z biz-product-spin-video (kling-o3-pro): gen video kling-o3-pro → /Users/hung/Desktop/ATP - SEO/portal-fe/public/model-gallery/biz-product-spin-video.mp4 … FAIL — create 402: {"error":{"message":"Insufficient credits"}}
2026-08-04T13:45:26.205Z biz-shelf-pan-video (kling-v3-pro): gen video kling-v3-pro → /Users/hung/Desktop/ATP - SEO/portal-fe/public/model-gallery/biz-shelf-pan-video.mp4 … FAIL — create 402: {"error":{"message":"Insufficient credits"}}
2026-08-04T13:45:26.205Z biz-conference-keynote-video (kling-o3-pro): gen video kling-o3-pro → /Users/hung/Desktop/ATP - SEO/portal-fe/public/model-gallery/biz-conference-keynote-video.mp4 … FAIL — create 500: {"error":{"message":"Internal Server Error"}}
2026-08-04T13:45:26.205Z biz-testimonial-interview-video (kling-v3-pro): gen video kling-v3-pro → /Users/hung/Desktop/ATP - SEO/portal-fe/public/model-gallery/biz-testimonial-interview-video.mp4 … FAIL — create 402: {"error":{"message":"Insufficient credits"}}
2026-08-04T17:07:17.574Z shop-ceramic-mug-stack (nano-banana): gen image nano-banana → /Users/hung/Desktop/ATP - SEO/portal-fe/public/model-gallery/shop-ceramic-mug-stack.bin … FAIL — create 402: {"error":{"message":"Insufficient credits"}}
2026-08-04T17:07:17.575Z food-breakfast-overhead-spread (nano-banana): gen image nano-banana → /Users/hung/Desktop/ATP - SEO/portal-fe/public/model-gallery/food-breakfast-overhead-spread.bin … FAIL — create 402: {"error":{"message":"Insufficient credits"}}
2026-08-04T17:07:17.575Z portrait-elder-hands-teacup (nano-banana-2): gen image nano-banana-2 → /Users/hung/Desktop/ATP - SEO/portal-fe/public/model-gallery/portrait-elder-hands-teacup.bin … FAIL — create 402: {"error":{"message":"Insufficient credits"}}
2026-08-04T17:07:17.575Z portrait-swimmer-poolside-goggles (nano-banana-pro): gen image nano-banana-pro → /Users/hung/Desktop/ATP - SEO/portal-fe/public/model-gallery/portrait-swimmer-poolside-goggles.bin … FAIL — create 402: {"error":{"message":"Insufficient credits"}}
2026-08-04T17:07:17.575Z fashion-knitwear-lookbook-fullbody (nano-banana-pro): gen image nano-banana-pro → /Users/hung/Desktop/ATP - SEO/portal-fe/public/model-gallery/fashion-knitwear-lookbook-fullbody.bin … FAIL — create 402: {"error":{"message":"Insufficient credits"}}
2026-08-04T17:07:17.575Z tech-fiber-patch-panel-macro (nano-banana-2): gen image nano-banana-2 → /Users/hung/Desktop/ATP - SEO/portal-fe/public/model-gallery/tech-fiber-patch-panel-macro.bin … FAIL — create 402: {"error":{"message":"Insufficient credits"}}
